QA output created by 203
256
258
259
Delete subvolume (no-commit): 'SCRATCH_MNT/subvol1'
258
259
Delete subvolume (no-commit): 'SCRATCH_MNT/subvol3'
258
Delete subvolume (no-commit): 'SCRATCH_MNT/subvol2'
