QA output created by 211
Test full send + file without caps, then inc send bringing a new cap
Testing if foo.bar alone can keep it's capability
Test foo.bar being the first item among other files
Test foo.bar with objectid between two other files
Test foo.bar being the last item among other files
